
http://ent.sina.com.cn
http://ent.163.com
http://ent.ifeng.com
http://ent.qq.com
http://www.shangc.net
http://yule.sohu.com
http://www.nanrenwo.net
http://star.pclady.com.cn
http://ent.zdface.com
http://www.5djiaren.com
http://www.nvsay.com
http://www.laonanren.com
http://star.xiziwang.net
http://www.52fuqing.com
http://www.86kx.com
http://lady.163.com
http://www.yyfensi.com
http://yule.qlwb.com.cn
http://bgl.shenchuang.com
http://www.tianya999.com
http://www.xiumu.cn
http://ent.qianzhan.com
http://ent.china.com
http://eladies.sina.com.cn
http://www.mingxing.com
http://www.uyooo.com
http://ent.huanqiu.com
http://xiuxian.sz.bendibao.com
http://slide.ent.sina.com.cn
http://www.hottui.com
http://www.ylq.com
http://yule.52pk.com
http://news.67.com
http://www.qumingxing.com
http://www.chinabig.com.cn
http://www.5seestar.com
http://ent.people.com.cn
http://ent.iqilu.com
http://news.yule.com.cn
http://www.happyjuzi.com
http://yule.izhufu.net
http://www.shcaoan.com
http://www.redquan.com
http://www.520730.com
http://fun.hsw.cn
http://people.mtime.com
http://www.23yy.com
http://datalib.ent.qq.com
http://pic.yule.sohu.com
http://ent.rednet.cn
http://yl.szhk.com
http://www.koreastardaily.com
http://star.2liang.net
http://hunjia.71lady.com
http://wap.zdface.com
http://www.bagualaile.com
http://qinggan.71lady.com
http://www.zhenren.com
http://www.08160.cn
http://www.qinbaol.com
http://www.yuexw.com
http://www.dy86.com
http://ent.southcn.com
http://ent.dzwww.com
http://g.diudou.com
http://amuse.nen.com.cn
http://www.qiaoyuwang.com
http://www.huabian.com
http://www.hanyutai.com
http://yule.iqiyi.com
http://enjoy.eastday.com
http://ent.sina.cn
http://mz.mop.com
http://entertainment.dbw.cn
http://www.kpopstarz.cn
http://yule.71lady.com
http://www.new2005.com
http://ent.ynet.com
http://www.jd-tv.com
http://www.zyxiu.com
http://news.mingxing.com
http://gfh.5djiaren.com
http://news.ylq.com
http://ent.enorth.com.cn
http://www.jnylxw.com
http://www.yule.com.cn
http://www.heake.com
http://www.zongyipian.com
http://v.sohu.com
http://www.shuichan51.com
http://m.8794.cn
http://www.ishowx.com
http://www.moko.cc
http://mip.4hw.com.cn
http://star.shangc.net
http://www.fakutownee.cn
http://www.0245.org
http://ent.china.com.cn
http://m.zhutousan.net
http://baijiahao.nanrenwo.net
http://mip.gucheng.com
http://yule.southmoney.com
http://wap.xiziwang.net
http://www.mingxingku.com
http://ent.northtimes.com
http://star.cjmx.com
http://ent.cqnews.net
http://ent.cri.cn
http://fensi.shangc.net
http://stars.haibao.com
http://star.ifensi.com
http://ent.sdchina.com
http://www.tvxing.com
http://www.zhutousan.net
http://ent.news.cn
http://tv.67.com
http://ient.ifeng.com
http://ent.ijntv.cn
http://qu.weixinyidu.com
http://yule.kankan.com
http://yule.voc.com.cn
http://news.vdfly.com
http://fun.youth.cn
http://star.67.com
http://ent.k618.cn
http://mei.hercity.com
http://ent.jxnews.com.cn
http://www.dowei.com
http://yy.8fkd.com
http://ent.gog.cn
http://gfh.yyfensi.com
http://star.yule.com.cn
http://mingxing.facang.com
http://baike.zhenren.com
http://ent.icxo.com
http://m.milier.net
http://m.new2005.com
http://yule.360.cn
http://www.mum.cc
http://www.fcwr8.com
http://www.mingrenziliao.com
http://www.vdfly.com
http://www.hannvtuan.com
http://www.bjweekly.com
http://star.haibao.com
http://cn.mediamass.net
http://ent.cnr.cn
http://joy.online.sh.cn
http://photo.67.com
http://mip.shunvzhi.com
http://www.loveinhere.com/
